// Vitest Snapshot v1, https://vitest.dev/guide/snapshot.html

exports[`colors > Emits a warning for color classes with pseudo 2`] = `
[
  "[REPLACED] text-blue-500",
  "[REPLACED] divide-yellow-100",
  "[REPLACED] border-green-50",
  "[REPLACED] bg-yellow-400",
]
`;

exports[`colors > Emits a warning if 'bg' is used with 'none' or 'white' 2`] = `
[
  "[REPLACED] bg-none",
  "[REPLACED] bg-white",
]
`;

exports[`colors > Emits a warning if 'text', 'border' or 'divide' is used with 'current', 'transparent', 'none' or 'white' 2`] = `
[
  "[REPLACED] text-current",
  "[REPLACED] border-current",
  "[REPLACED] divide-current",
  "[REPLACED] text-transparent",
  "[REPLACED] border-transparent",
  "[REPLACED] divide-transparent",
  "[REPLACED] text-none",
  "[REPLACED] border-none",
  "[REPLACED] divide-none",
  "[REPLACED] text-white",
  "[REPLACED] border-white",
  "[REPLACED] divide-white",
]
`;

exports[`colors > Emits a warning if background class is used with a color 2`] = `
[
  "[REPLACED] bg-blue-50",
  "[REPLACED] bg-blue-100",
  "[REPLACED] bg-blue-200",
  "[REPLACED] bg-blue-300",
  "[REPLACED] bg-blue-400",
  "[REPLACED] bg-blue-500",
  "[REPLACED] bg-blue-600",
  "[REPLACED] bg-blue-700",
  "[REPLACED] bg-blue-800",
  "[REPLACED] bg-blue-900",
  "[REPLACED] bg-green-50",
  "[REPLACED] bg-green-100",
  "[REPLACED] bg-green-200",
  "[REPLACED] bg-green-300",
  "[REPLACED] bg-green-400",
  "[REPLACED] bg-green-500",
  "[REPLACED] bg-green-600",
  "[REPLACED] bg-green-700",
  "[REPLACED] bg-green-800",
  "[REPLACED] bg-green-900",
  "[REPLACED] bg-aqua-50",
  "[REPLACED] bg-aqua-100",
  "[REPLACED] bg-aqua-200",
  "[REPLACED] bg-aqua-300",
  "[REPLACED] bg-aqua-400",
  "[REPLACED] bg-aqua-500",
  "[REPLACED] bg-aqua-600",
  "[REPLACED] bg-aqua-700",
  "[REPLACED] bg-aqua-800",
  "[REPLACED] bg-aqua-900",
  "[REPLACED] bg-yellow-50",
  "[REPLACED] bg-yellow-100",
  "[REPLACED] bg-yellow-200",
  "[REPLACED] bg-yellow-300",
  "[REPLACED] bg-yellow-400",
  "[REPLACED] bg-yellow-500",
  "[REPLACED] bg-yellow-600",
  "[REPLACED] bg-yellow-700",
  "[REPLACED] bg-yellow-800",
  "[REPLACED] bg-yellow-900",
  "[REPLACED] bg-red-50",
  "[REPLACED] bg-red-100",
  "[REPLACED] bg-red-200",
  "[REPLACED] bg-red-300",
  "[REPLACED] bg-red-400",
  "[REPLACED] bg-red-500",
  "[REPLACED] bg-red-600",
  "[REPLACED] bg-red-700",
  "[REPLACED] bg-red-800",
  "[REPLACED] bg-red-900",
  "[REPLACED] bg-bluegray-50",
  "[REPLACED] bg-bluegray-100",
  "[REPLACED] bg-bluegray-200",
  "[REPLACED] bg-bluegray-300",
  "[REPLACED] bg-bluegray-400",
  "[REPLACED] bg-bluegray-500",
  "[REPLACED] bg-bluegray-600",
  "[REPLACED] bg-bluegray-700",
  "[REPLACED] bg-bluegray-800",
  "[REPLACED] bg-bluegray-900",
  "[REPLACED] bg-gray-50",
  "[REPLACED] bg-gray-100",
  "[REPLACED] bg-gray-200",
  "[REPLACED] bg-gray-300",
  "[REPLACED] bg-gray-400",
  "[REPLACED] bg-gray-500",
  "[REPLACED] bg-gray-600",
  "[REPLACED] bg-gray-700",
  "[REPLACED] bg-gray-800",
  "[REPLACED] bg-gray-900",
]
`;

exports[`colors > Emits a warning if border class is used with a color 2`] = `
[
  "[REPLACED] border-blue-50",
  "[REPLACED] border-blue-100",
  "[REPLACED] border-blue-200",
  "[REPLACED] border-blue-300",
  "[REPLACED] border-blue-400",
  "[REPLACED] border-blue-500",
  "[REPLACED] border-blue-600",
  "[REPLACED] border-blue-700",
  "[REPLACED] border-blue-800",
  "[REPLACED] border-blue-900",
  "[REPLACED] border-green-50",
  "[REPLACED] border-green-100",
  "[REPLACED] border-green-200",
  "[REPLACED] border-green-300",
  "[REPLACED] border-green-400",
  "[REPLACED] border-green-500",
  "[REPLACED] border-green-600",
  "[REPLACED] border-green-700",
  "[REPLACED] border-green-800",
  "[REPLACED] border-green-900",
  "[REPLACED] border-aqua-50",
  "[REPLACED] border-aqua-100",
  "[REPLACED] border-aqua-200",
  "[REPLACED] border-aqua-300",
  "[REPLACED] border-aqua-400",
  "[REPLACED] border-aqua-500",
  "[REPLACED] border-aqua-600",
  "[REPLACED] border-aqua-700",
  "[REPLACED] border-aqua-800",
  "[REPLACED] border-aqua-900",
  "[REPLACED] border-yellow-50",
  "[REPLACED] border-yellow-100",
  "[REPLACED] border-yellow-200",
  "[REPLACED] border-yellow-300",
  "[REPLACED] border-yellow-400",
  "[REPLACED] border-yellow-500",
  "[REPLACED] border-yellow-600",
  "[REPLACED] border-yellow-700",
  "[REPLACED] border-yellow-800",
  "[REPLACED] border-yellow-900",
  "[REPLACED] border-red-50",
  "[REPLACED] border-red-100",
  "[REPLACED] border-red-200",
  "[REPLACED] border-red-300",
  "[REPLACED] border-red-400",
  "[REPLACED] border-red-500",
  "[REPLACED] border-red-600",
  "[REPLACED] border-red-700",
  "[REPLACED] border-red-800",
  "[REPLACED] border-red-900",
  "[REPLACED] border-bluegray-50",
  "[REPLACED] border-bluegray-100",
  "[REPLACED] border-bluegray-200",
  "[REPLACED] border-bluegray-300",
  "[REPLACED] border-bluegray-400",
  "[REPLACED] border-bluegray-500",
  "[REPLACED] border-bluegray-600",
  "[REPLACED] border-bluegray-700",
  "[REPLACED] border-bluegray-800",
  "[REPLACED] border-bluegray-900",
  "[REPLACED] border-gray-50",
  "[REPLACED] border-gray-100",
  "[REPLACED] border-gray-200",
  "[REPLACED] border-gray-300",
  "[REPLACED] border-gray-400",
  "[REPLACED] border-gray-500",
  "[REPLACED] border-gray-600",
  "[REPLACED] border-gray-700",
  "[REPLACED] border-gray-800",
  "[REPLACED] border-gray-900",
]
`;

exports[`colors > Emits a warning if divide class is used with a color 2`] = `
[
  "[REPLACED] divide-blue-50",
  "[REPLACED] divide-blue-100",
  "[REPLACED] divide-blue-200",
  "[REPLACED] divide-blue-300",
  "[REPLACED] divide-blue-400",
  "[REPLACED] divide-blue-500",
  "[REPLACED] divide-blue-600",
  "[REPLACED] divide-blue-700",
  "[REPLACED] divide-blue-800",
  "[REPLACED] divide-blue-900",
  "[REPLACED] divide-green-50",
  "[REPLACED] divide-green-100",
  "[REPLACED] divide-green-200",
  "[REPLACED] divide-green-300",
  "[REPLACED] divide-green-400",
  "[REPLACED] divide-green-500",
  "[REPLACED] divide-green-600",
  "[REPLACED] divide-green-700",
  "[REPLACED] divide-green-800",
  "[REPLACED] divide-green-900",
  "[REPLACED] divide-aqua-50",
  "[REPLACED] divide-aqua-100",
  "[REPLACED] divide-aqua-200",
  "[REPLACED] divide-aqua-300",
  "[REPLACED] divide-aqua-400",
  "[REPLACED] divide-aqua-500",
  "[REPLACED] divide-aqua-600",
  "[REPLACED] divide-aqua-700",
  "[REPLACED] divide-aqua-800",
  "[REPLACED] divide-aqua-900",
  "[REPLACED] divide-yellow-50",
  "[REPLACED] divide-yellow-100",
  "[REPLACED] divide-yellow-200",
  "[REPLACED] divide-yellow-300",
  "[REPLACED] divide-yellow-400",
  "[REPLACED] divide-yellow-500",
  "[REPLACED] divide-yellow-600",
  "[REPLACED] divide-yellow-700",
  "[REPLACED] divide-yellow-800",
  "[REPLACED] divide-yellow-900",
  "[REPLACED] divide-red-50",
  "[REPLACED] divide-red-100",
  "[REPLACED] divide-red-200",
  "[REPLACED] divide-red-300",
  "[REPLACED] divide-red-400",
  "[REPLACED] divide-red-500",
  "[REPLACED] divide-red-600",
  "[REPLACED] divide-red-700",
  "[REPLACED] divide-red-800",
  "[REPLACED] divide-red-900",
  "[REPLACED] divide-bluegray-50",
  "[REPLACED] divide-bluegray-100",
  "[REPLACED] divide-bluegray-200",
  "[REPLACED] divide-bluegray-300",
  "[REPLACED] divide-bluegray-400",
  "[REPLACED] divide-bluegray-500",
  "[REPLACED] divide-bluegray-600",
  "[REPLACED] divide-bluegray-700",
  "[REPLACED] divide-bluegray-800",
  "[REPLACED] divide-bluegray-900",
  "[REPLACED] divide-gray-50",
  "[REPLACED] divide-gray-100",
  "[REPLACED] divide-gray-200",
  "[REPLACED] divide-gray-300",
  "[REPLACED] divide-gray-400",
  "[REPLACED] divide-gray-500",
  "[REPLACED] divide-gray-600",
  "[REPLACED] divide-gray-700",
  "[REPLACED] divide-gray-800",
  "[REPLACED] divide-gray-900",
]
`;

exports[`colors > Emits a warning if text class is used with a color 2`] = `
[
  "[REPLACED] text-blue-50",
  "[REPLACED] text-blue-100",
  "[REPLACED] text-blue-200",
  "[REPLACED] text-blue-300",
  "[REPLACED] text-blue-400",
  "[REPLACED] text-blue-500",
  "[REPLACED] text-blue-600",
  "[REPLACED] text-blue-700",
  "[REPLACED] text-blue-800",
  "[REPLACED] text-blue-900",
  "[REPLACED] text-green-50",
  "[REPLACED] text-green-100",
  "[REPLACED] text-green-200",
  "[REPLACED] text-green-300",
  "[REPLACED] text-green-400",
  "[REPLACED] text-green-500",
  "[REPLACED] text-green-600",
  "[REPLACED] text-green-700",
  "[REPLACED] text-green-800",
  "[REPLACED] text-green-900",
  "[REPLACED] text-aqua-50",
  "[REPLACED] text-aqua-100",
  "[REPLACED] text-aqua-200",
  "[REPLACED] text-aqua-300",
  "[REPLACED] text-aqua-400",
  "[REPLACED] text-aqua-500",
  "[REPLACED] text-aqua-600",
  "[REPLACED] text-aqua-700",
  "[REPLACED] text-aqua-800",
  "[REPLACED] text-aqua-900",
  "[REPLACED] text-yellow-50",
  "[REPLACED] text-yellow-100",
  "[REPLACED] text-yellow-200",
  "[REPLACED] text-yellow-300",
  "[REPLACED] text-yellow-400",
  "[REPLACED] text-yellow-500",
  "[REPLACED] text-yellow-600",
  "[REPLACED] text-yellow-700",
  "[REPLACED] text-yellow-800",
  "[REPLACED] text-yellow-900",
  "[REPLACED] text-red-50",
  "[REPLACED] text-red-100",
  "[REPLACED] text-red-200",
  "[REPLACED] text-red-300",
  "[REPLACED] text-red-400",
  "[REPLACED] text-red-500",
  "[REPLACED] text-red-600",
  "[REPLACED] text-red-700",
  "[REPLACED] text-red-800",
  "[REPLACED] text-red-900",
  "[REPLACED] text-bluegray-50",
  "[REPLACED] text-bluegray-100",
  "[REPLACED] text-bluegray-200",
  "[REPLACED] text-bluegray-300",
  "[REPLACED] text-bluegray-400",
  "[REPLACED] text-bluegray-500",
  "[REPLACED] text-bluegray-600",
  "[REPLACED] text-bluegray-700",
  "[REPLACED] text-bluegray-800",
  "[REPLACED] text-bluegray-900",
  "[REPLACED] text-gray-50",
  "[REPLACED] text-gray-100",
  "[REPLACED] text-gray-200",
  "[REPLACED] text-gray-300",
  "[REPLACED] text-gray-400",
  "[REPLACED] text-gray-500",
  "[REPLACED] text-gray-600",
  "[REPLACED] text-gray-700",
  "[REPLACED] text-gray-800",
  "[REPLACED] text-gray-900",
]
`;
