// Vitest Snapshot v1, https://vitest.dev/guide/snapshot.html

exports[`colors > Emits a warning for color classes with pseudo 2`] = `
[
  "[91m[REPLACED][0m border-green-50 -> see https://warp-ds.github.io/tech-docs/css/border-color to find suitable semantic replacement",
  "[91m[REPLACED][0m bg-yellow-400 -> see https://warp-ds.github.io/tech-docs/css/background-color to find suitable semantic replacement",
  "[91m[REPLACED][0m text-blue-500 -> see https://warp-ds.github.io/tech-docs/css/text-color to find suitable semantic replacement",
  "[91m[REPLACED][0m divide-yellow-100 -> more info on replacements coming soon",
]
`;

exports[`colors > Emits a warning if 'bg' is used with 'none' or 'white' 2`] = `
[
  "[91m[REPLACED][0m bg-white -> see https://warp-ds.github.io/tech-docs/css/background-color to find suitable semantic replacement",
]
`;

exports[`colors > Emits a warning if 'divide' is used with 'current', 'transparent', 'none' or 'white' 2`] = `
[
  "[91m[REPLACED][0m divide-current -> more info on replacements coming soon",
  "[91m[REPLACED][0m divide-transparent -> more info on replacements coming soon",
  "[91m[REPLACED][0m divide-none -> more info on replacements coming soon",
  "[91m[REPLACED][0m divide-white -> more info on replacements coming soon",
]
`;

exports[`colors > Emits a warning if background class is used with a color 2`] = `
[
  "[91m[REPLACED][0m bg-white-50 -> see https://warp-ds.github.io/tech-docs/css/background-color to find suitable semantic replacement",
  "[91m[REPLACED][0m bg-white-100 -> see https://warp-ds.github.io/tech-docs/css/background-color to find suitable semantic replacement",
  "[91m[REPLACED][0m bg-white-200 -> see https://warp-ds.github.io/tech-docs/css/background-color to find suitable semantic replacement",
  "[91m[REPLACED][0m bg-white-300 -> see https://warp-ds.github.io/tech-docs/css/background-color to find suitable semantic replacement",
  "[91m[REPLACED][0m bg-white-400 -> see https://warp-ds.github.io/tech-docs/css/background-color to find suitable semantic replacement",
  "[91m[REPLACED][0m bg-white-500 -> see https://warp-ds.github.io/tech-docs/css/background-color to find suitable semantic replacement",
  "[91m[REPLACED][0m bg-white-600 -> see https://warp-ds.github.io/tech-docs/css/background-color to find suitable semantic replacement",
  "[91m[REPLACED][0m bg-white-700 -> see https://warp-ds.github.io/tech-docs/css/background-color to find suitable semantic replacement",
  "[91m[REPLACED][0m bg-white-800 -> see https://warp-ds.github.io/tech-docs/css/background-color to find suitable semantic replacement",
  "[91m[REPLACED][0m bg-white-900 -> see https://warp-ds.github.io/tech-docs/css/background-color to find suitable semantic replacement",
  "[91m[REPLACED][0m bg-black-50 -> see https://warp-ds.github.io/tech-docs/css/background-color to find suitable semantic replacement",
  "[91m[REPLACED][0m bg-black-100 -> see https://warp-ds.github.io/tech-docs/css/background-color to find suitable semantic replacement",
  "[91m[REPLACED][0m bg-black-200 -> see https://warp-ds.github.io/tech-docs/css/background-color to find suitable semantic replacement",
  "[91m[REPLACED][0m bg-black-300 -> see https://warp-ds.github.io/tech-docs/css/background-color to find suitable semantic replacement",
  "[91m[REPLACED][0m bg-black-400 -> see https://warp-ds.github.io/tech-docs/css/background-color to find suitable semantic replacement",
  "[91m[REPLACED][0m bg-black-500 -> see https://warp-ds.github.io/tech-docs/css/background-color to find suitable semantic replacement",
  "[91m[REPLACED][0m bg-black-600 -> see https://warp-ds.github.io/tech-docs/css/background-color to find suitable semantic replacement",
  "[91m[REPLACED][0m bg-black-700 -> see https://warp-ds.github.io/tech-docs/css/background-color to find suitable semantic replacement",
  "[91m[REPLACED][0m bg-black-800 -> see https://warp-ds.github.io/tech-docs/css/background-color to find suitable semantic replacement",
  "[91m[REPLACED][0m bg-black-900 -> see https://warp-ds.github.io/tech-docs/css/background-color to find suitable semantic replacement",
  "[91m[REPLACED][0m bg-blue-50 -> see https://warp-ds.github.io/tech-docs/css/background-color to find suitable semantic replacement",
  "[91m[REPLACED][0m bg-blue-100 -> see https://warp-ds.github.io/tech-docs/css/background-color to find suitable semantic replacement",
  "[91m[REPLACED][0m bg-blue-200 -> see https://warp-ds.github.io/tech-docs/css/background-color to find suitable semantic replacement",
  "[91m[REPLACED][0m bg-blue-300 -> see https://warp-ds.github.io/tech-docs/css/background-color to find suitable semantic replacement",
  "[91m[REPLACED][0m bg-blue-400 -> see https://warp-ds.github.io/tech-docs/css/background-color to find suitable semantic replacement",
  "[91m[REPLACED][0m bg-blue-500 -> see https://warp-ds.github.io/tech-docs/css/background-color to find suitable semantic replacement",
  "[91m[REPLACED][0m bg-blue-600 -> see https://warp-ds.github.io/tech-docs/css/background-color to find suitable semantic replacement",
  "[91m[REPLACED][0m bg-blue-700 -> see https://warp-ds.github.io/tech-docs/css/background-color to find suitable semantic replacement",
  "[91m[REPLACED][0m bg-blue-800 -> see https://warp-ds.github.io/tech-docs/css/background-color to find suitable semantic replacement",
  "[91m[REPLACED][0m bg-blue-900 -> see https://warp-ds.github.io/tech-docs/css/background-color to find suitable semantic replacement",
  "[91m[REPLACED][0m bg-green-50 -> see https://warp-ds.github.io/tech-docs/css/background-color to find suitable semantic replacement",
  "[91m[REPLACED][0m bg-green-100 -> see https://warp-ds.github.io/tech-docs/css/background-color to find suitable semantic replacement",
  "[91m[REPLACED][0m bg-green-200 -> see https://warp-ds.github.io/tech-docs/css/background-color to find suitable semantic replacement",
  "[91m[REPLACED][0m bg-green-300 -> see https://warp-ds.github.io/tech-docs/css/background-color to find suitable semantic replacement",
  "[91m[REPLACED][0m bg-green-400 -> see https://warp-ds.github.io/tech-docs/css/background-color to find suitable semantic replacement",
  "[91m[REPLACED][0m bg-green-500 -> see https://warp-ds.github.io/tech-docs/css/background-color to find suitable semantic replacement",
  "[91m[REPLACED][0m bg-green-600 -> see https://warp-ds.github.io/tech-docs/css/background-color to find suitable semantic replacement",
  "[91m[REPLACED][0m bg-green-700 -> see https://warp-ds.github.io/tech-docs/css/background-color to find suitable semantic replacement",
  "[91m[REPLACED][0m bg-green-800 -> see https://warp-ds.github.io/tech-docs/css/background-color to find suitable semantic replacement",
  "[91m[REPLACED][0m bg-green-900 -> see https://warp-ds.github.io/tech-docs/css/background-color to find suitable semantic replacement",
  "[91m[REPLACED][0m bg-aqua-50 -> see https://warp-ds.github.io/tech-docs/css/background-color to find suitable semantic replacement",
  "[91m[REPLACED][0m bg-aqua-100 -> see https://warp-ds.github.io/tech-docs/css/background-color to find suitable semantic replacement",
  "[91m[REPLACED][0m bg-aqua-200 -> see https://warp-ds.github.io/tech-docs/css/background-color to find suitable semantic replacement",
  "[91m[REPLACED][0m bg-aqua-300 -> see https://warp-ds.github.io/tech-docs/css/background-color to find suitable semantic replacement",
  "[91m[REPLACED][0m bg-aqua-400 -> see https://warp-ds.github.io/tech-docs/css/background-color to find suitable semantic replacement",
  "[91m[REPLACED][0m bg-aqua-500 -> see https://warp-ds.github.io/tech-docs/css/background-color to find suitable semantic replacement",
  "[91m[REPLACED][0m bg-aqua-600 -> see https://warp-ds.github.io/tech-docs/css/background-color to find suitable semantic replacement",
  "[91m[REPLACED][0m bg-aqua-700 -> see https://warp-ds.github.io/tech-docs/css/background-color to find suitable semantic replacement",
  "[91m[REPLACED][0m bg-aqua-800 -> see https://warp-ds.github.io/tech-docs/css/background-color to find suitable semantic replacement",
  "[91m[REPLACED][0m bg-aqua-900 -> see https://warp-ds.github.io/tech-docs/css/background-color to find suitable semantic replacement",
  "[91m[REPLACED][0m bg-yellow-50 -> see https://warp-ds.github.io/tech-docs/css/background-color to find suitable semantic replacement",
  "[91m[REPLACED][0m bg-yellow-100 -> see https://warp-ds.github.io/tech-docs/css/background-color to find suitable semantic replacement",
  "[91m[REPLACED][0m bg-yellow-200 -> see https://warp-ds.github.io/tech-docs/css/background-color to find suitable semantic replacement",
  "[91m[REPLACED][0m bg-yellow-300 -> see https://warp-ds.github.io/tech-docs/css/background-color to find suitable semantic replacement",
  "[91m[REPLACED][0m bg-yellow-400 -> see https://warp-ds.github.io/tech-docs/css/background-color to find suitable semantic replacement",
  "[91m[REPLACED][0m bg-yellow-500 -> see https://warp-ds.github.io/tech-docs/css/background-color to find suitable semantic replacement",
  "[91m[REPLACED][0m bg-yellow-600 -> see https://warp-ds.github.io/tech-docs/css/background-color to find suitable semantic replacement",
  "[91m[REPLACED][0m bg-yellow-700 -> see https://warp-ds.github.io/tech-docs/css/background-color to find suitable semantic replacement",
  "[91m[REPLACED][0m bg-yellow-800 -> see https://warp-ds.github.io/tech-docs/css/background-color to find suitable semantic replacement",
  "[91m[REPLACED][0m bg-yellow-900 -> see https://warp-ds.github.io/tech-docs/css/background-color to find suitable semantic replacement",
  "[91m[REPLACED][0m bg-red-50 -> see https://warp-ds.github.io/tech-docs/css/background-color to find suitable semantic replacement",
  "[91m[REPLACED][0m bg-red-100 -> see https://warp-ds.github.io/tech-docs/css/background-color to find suitable semantic replacement",
  "[91m[REPLACED][0m bg-red-200 -> see https://warp-ds.github.io/tech-docs/css/background-color to find suitable semantic replacement",
  "[91m[REPLACED][0m bg-red-300 -> see https://warp-ds.github.io/tech-docs/css/background-color to find suitable semantic replacement",
  "[91m[REPLACED][0m bg-red-400 -> see https://warp-ds.github.io/tech-docs/css/background-color to find suitable semantic replacement",
  "[91m[REPLACED][0m bg-red-500 -> see https://warp-ds.github.io/tech-docs/css/background-color to find suitable semantic replacement",
  "[91m[REPLACED][0m bg-red-600 -> see https://warp-ds.github.io/tech-docs/css/background-color to find suitable semantic replacement",
  "[91m[REPLACED][0m bg-red-700 -> see https://warp-ds.github.io/tech-docs/css/background-color to find suitable semantic replacement",
  "[91m[REPLACED][0m bg-red-800 -> see https://warp-ds.github.io/tech-docs/css/background-color to find suitable semantic replacement",
  "[91m[REPLACED][0m bg-red-900 -> see https://warp-ds.github.io/tech-docs/css/background-color to find suitable semantic replacement",
  "[91m[REPLACED][0m bg-bluegray-50 -> see https://warp-ds.github.io/tech-docs/css/background-color to find suitable semantic replacement",
  "[91m[REPLACED][0m bg-bluegray-100 -> see https://warp-ds.github.io/tech-docs/css/background-color to find suitable semantic replacement",
  "[91m[REPLACED][0m bg-bluegray-200 -> see https://warp-ds.github.io/tech-docs/css/background-color to find suitable semantic replacement",
  "[91m[REPLACED][0m bg-bluegray-300 -> see https://warp-ds.github.io/tech-docs/css/background-color to find suitable semantic replacement",
  "[91m[REPLACED][0m bg-bluegray-400 -> see https://warp-ds.github.io/tech-docs/css/background-color to find suitable semantic replacement",
  "[91m[REPLACED][0m bg-bluegray-500 -> see https://warp-ds.github.io/tech-docs/css/background-color to find suitable semantic replacement",
  "[91m[REPLACED][0m bg-bluegray-600 -> see https://warp-ds.github.io/tech-docs/css/background-color to find suitable semantic replacement",
  "[91m[REPLACED][0m bg-bluegray-700 -> see https://warp-ds.github.io/tech-docs/css/background-color to find suitable semantic replacement",
  "[91m[REPLACED][0m bg-bluegray-800 -> see https://warp-ds.github.io/tech-docs/css/background-color to find suitable semantic replacement",
  "[91m[REPLACED][0m bg-bluegray-900 -> see https://warp-ds.github.io/tech-docs/css/background-color to find suitable semantic replacement",
  "[91m[REPLACED][0m bg-gray-50 -> see https://warp-ds.github.io/tech-docs/css/background-color to find suitable semantic replacement",
  "[91m[REPLACED][0m bg-gray-100 -> see https://warp-ds.github.io/tech-docs/css/background-color to find suitable semantic replacement",
  "[91m[REPLACED][0m bg-gray-200 -> see https://warp-ds.github.io/tech-docs/css/background-color to find suitable semantic replacement",
  "[91m[REPLACED][0m bg-gray-300 -> see https://warp-ds.github.io/tech-docs/css/background-color to find suitable semantic replacement",
  "[91m[REPLACED][0m bg-gray-400 -> see https://warp-ds.github.io/tech-docs/css/background-color to find suitable semantic replacement",
  "[91m[REPLACED][0m bg-gray-500 -> see https://warp-ds.github.io/tech-docs/css/background-color to find suitable semantic replacement",
  "[91m[REPLACED][0m bg-gray-600 -> see https://warp-ds.github.io/tech-docs/css/background-color to find suitable semantic replacement",
  "[91m[REPLACED][0m bg-gray-700 -> see https://warp-ds.github.io/tech-docs/css/background-color to find suitable semantic replacement",
  "[91m[REPLACED][0m bg-gray-800 -> see https://warp-ds.github.io/tech-docs/css/background-color to find suitable semantic replacement",
  "[91m[REPLACED][0m bg-gray-900 -> see https://warp-ds.github.io/tech-docs/css/background-color to find suitable semantic replacement",
]
`;

exports[`colors > Emits a warning if border class is used with a color 2`] = `
[
  "[91m[REPLACED][0m border-white-50 -> see https://warp-ds.github.io/tech-docs/css/border-color to find suitable semantic replacement",
  "[91m[REPLACED][0m border-white-100 -> see https://warp-ds.github.io/tech-docs/css/border-color to find suitable semantic replacement",
  "[91m[REPLACED][0m border-white-200 -> see https://warp-ds.github.io/tech-docs/css/border-color to find suitable semantic replacement",
  "[91m[REPLACED][0m border-white-300 -> see https://warp-ds.github.io/tech-docs/css/border-color to find suitable semantic replacement",
  "[91m[REPLACED][0m border-white-400 -> see https://warp-ds.github.io/tech-docs/css/border-color to find suitable semantic replacement",
  "[91m[REPLACED][0m border-white-500 -> see https://warp-ds.github.io/tech-docs/css/border-color to find suitable semantic replacement",
  "[91m[REPLACED][0m border-white-600 -> see https://warp-ds.github.io/tech-docs/css/border-color to find suitable semantic replacement",
  "[91m[REPLACED][0m border-white-700 -> see https://warp-ds.github.io/tech-docs/css/border-color to find suitable semantic replacement",
  "[91m[REPLACED][0m border-white-800 -> see https://warp-ds.github.io/tech-docs/css/border-color to find suitable semantic replacement",
  "[91m[REPLACED][0m border-white-900 -> see https://warp-ds.github.io/tech-docs/css/border-color to find suitable semantic replacement",
  "[91m[REPLACED][0m border-black-50 -> see https://warp-ds.github.io/tech-docs/css/border-color to find suitable semantic replacement",
  "[91m[REPLACED][0m border-black-100 -> see https://warp-ds.github.io/tech-docs/css/border-color to find suitable semantic replacement",
  "[91m[REPLACED][0m border-black-200 -> see https://warp-ds.github.io/tech-docs/css/border-color to find suitable semantic replacement",
  "[91m[REPLACED][0m border-black-300 -> see https://warp-ds.github.io/tech-docs/css/border-color to find suitable semantic replacement",
  "[91m[REPLACED][0m border-black-400 -> see https://warp-ds.github.io/tech-docs/css/border-color to find suitable semantic replacement",
  "[91m[REPLACED][0m border-black-500 -> see https://warp-ds.github.io/tech-docs/css/border-color to find suitable semantic replacement",
  "[91m[REPLACED][0m border-black-600 -> see https://warp-ds.github.io/tech-docs/css/border-color to find suitable semantic replacement",
  "[91m[REPLACED][0m border-black-700 -> see https://warp-ds.github.io/tech-docs/css/border-color to find suitable semantic replacement",
  "[91m[REPLACED][0m border-black-800 -> see https://warp-ds.github.io/tech-docs/css/border-color to find suitable semantic replacement",
  "[91m[REPLACED][0m border-black-900 -> see https://warp-ds.github.io/tech-docs/css/border-color to find suitable semantic replacement",
  "[91m[REPLACED][0m border-blue-50 -> see https://warp-ds.github.io/tech-docs/css/border-color to find suitable semantic replacement",
  "[91m[REPLACED][0m border-blue-100 -> see https://warp-ds.github.io/tech-docs/css/border-color to find suitable semantic replacement",
  "[91m[REPLACED][0m border-blue-200 -> see https://warp-ds.github.io/tech-docs/css/border-color to find suitable semantic replacement",
  "[91m[REPLACED][0m border-blue-300 -> see https://warp-ds.github.io/tech-docs/css/border-color to find suitable semantic replacement",
  "[91m[REPLACED][0m border-blue-400 -> see https://warp-ds.github.io/tech-docs/css/border-color to find suitable semantic replacement",
  "[91m[REPLACED][0m border-blue-500 -> see https://warp-ds.github.io/tech-docs/css/border-color to find suitable semantic replacement",
  "[91m[REPLACED][0m border-blue-600 -> see https://warp-ds.github.io/tech-docs/css/border-color to find suitable semantic replacement",
  "[91m[REPLACED][0m border-blue-700 -> see https://warp-ds.github.io/tech-docs/css/border-color to find suitable semantic replacement",
  "[91m[REPLACED][0m border-blue-800 -> see https://warp-ds.github.io/tech-docs/css/border-color to find suitable semantic replacement",
  "[91m[REPLACED][0m border-blue-900 -> see https://warp-ds.github.io/tech-docs/css/border-color to find suitable semantic replacement",
  "[91m[REPLACED][0m border-green-50 -> see https://warp-ds.github.io/tech-docs/css/border-color to find suitable semantic replacement",
  "[91m[REPLACED][0m border-green-100 -> see https://warp-ds.github.io/tech-docs/css/border-color to find suitable semantic replacement",
  "[91m[REPLACED][0m border-green-200 -> see https://warp-ds.github.io/tech-docs/css/border-color to find suitable semantic replacement",
  "[91m[REPLACED][0m border-green-300 -> see https://warp-ds.github.io/tech-docs/css/border-color to find suitable semantic replacement",
  "[91m[REPLACED][0m border-green-400 -> see https://warp-ds.github.io/tech-docs/css/border-color to find suitable semantic replacement",
  "[91m[REPLACED][0m border-green-500 -> see https://warp-ds.github.io/tech-docs/css/border-color to find suitable semantic replacement",
  "[91m[REPLACED][0m border-green-600 -> see https://warp-ds.github.io/tech-docs/css/border-color to find suitable semantic replacement",
  "[91m[REPLACED][0m border-green-700 -> see https://warp-ds.github.io/tech-docs/css/border-color to find suitable semantic replacement",
  "[91m[REPLACED][0m border-green-800 -> see https://warp-ds.github.io/tech-docs/css/border-color to find suitable semantic replacement",
  "[91m[REPLACED][0m border-green-900 -> see https://warp-ds.github.io/tech-docs/css/border-color to find suitable semantic replacement",
  "[91m[REPLACED][0m border-aqua-50 -> see https://warp-ds.github.io/tech-docs/css/border-color to find suitable semantic replacement",
  "[91m[REPLACED][0m border-aqua-100 -> see https://warp-ds.github.io/tech-docs/css/border-color to find suitable semantic replacement",
  "[91m[REPLACED][0m border-aqua-200 -> see https://warp-ds.github.io/tech-docs/css/border-color to find suitable semantic replacement",
  "[91m[REPLACED][0m border-aqua-300 -> see https://warp-ds.github.io/tech-docs/css/border-color to find suitable semantic replacement",
  "[91m[REPLACED][0m border-aqua-400 -> see https://warp-ds.github.io/tech-docs/css/border-color to find suitable semantic replacement",
  "[91m[REPLACED][0m border-aqua-500 -> see https://warp-ds.github.io/tech-docs/css/border-color to find suitable semantic replacement",
  "[91m[REPLACED][0m border-aqua-600 -> see https://warp-ds.github.io/tech-docs/css/border-color to find suitable semantic replacement",
  "[91m[REPLACED][0m border-aqua-700 -> see https://warp-ds.github.io/tech-docs/css/border-color to find suitable semantic replacement",
  "[91m[REPLACED][0m border-aqua-800 -> see https://warp-ds.github.io/tech-docs/css/border-color to find suitable semantic replacement",
  "[91m[REPLACED][0m border-aqua-900 -> see https://warp-ds.github.io/tech-docs/css/border-color to find suitable semantic replacement",
  "[91m[REPLACED][0m border-yellow-50 -> see https://warp-ds.github.io/tech-docs/css/border-color to find suitable semantic replacement",
  "[91m[REPLACED][0m border-yellow-100 -> see https://warp-ds.github.io/tech-docs/css/border-color to find suitable semantic replacement",
  "[91m[REPLACED][0m border-yellow-200 -> see https://warp-ds.github.io/tech-docs/css/border-color to find suitable semantic replacement",
  "[91m[REPLACED][0m border-yellow-300 -> see https://warp-ds.github.io/tech-docs/css/border-color to find suitable semantic replacement",
  "[91m[REPLACED][0m border-yellow-400 -> see https://warp-ds.github.io/tech-docs/css/border-color to find suitable semantic replacement",
  "[91m[REPLACED][0m border-yellow-500 -> see https://warp-ds.github.io/tech-docs/css/border-color to find suitable semantic replacement",
  "[91m[REPLACED][0m border-yellow-600 -> see https://warp-ds.github.io/tech-docs/css/border-color to find suitable semantic replacement",
  "[91m[REPLACED][0m border-yellow-700 -> see https://warp-ds.github.io/tech-docs/css/border-color to find suitable semantic replacement",
  "[91m[REPLACED][0m border-yellow-800 -> see https://warp-ds.github.io/tech-docs/css/border-color to find suitable semantic replacement",
  "[91m[REPLACED][0m border-yellow-900 -> see https://warp-ds.github.io/tech-docs/css/border-color to find suitable semantic replacement",
  "[91m[REPLACED][0m border-red-50 -> see https://warp-ds.github.io/tech-docs/css/border-color to find suitable semantic replacement",
  "[91m[REPLACED][0m border-red-100 -> see https://warp-ds.github.io/tech-docs/css/border-color to find suitable semantic replacement",
  "[91m[REPLACED][0m border-red-200 -> see https://warp-ds.github.io/tech-docs/css/border-color to find suitable semantic replacement",
  "[91m[REPLACED][0m border-red-300 -> see https://warp-ds.github.io/tech-docs/css/border-color to find suitable semantic replacement",
  "[91m[REPLACED][0m border-red-400 -> see https://warp-ds.github.io/tech-docs/css/border-color to find suitable semantic replacement",
  "[91m[REPLACED][0m border-red-500 -> see https://warp-ds.github.io/tech-docs/css/border-color to find suitable semantic replacement",
  "[91m[REPLACED][0m border-red-600 -> see https://warp-ds.github.io/tech-docs/css/border-color to find suitable semantic replacement",
  "[91m[REPLACED][0m border-red-700 -> see https://warp-ds.github.io/tech-docs/css/border-color to find suitable semantic replacement",
  "[91m[REPLACED][0m border-red-800 -> see https://warp-ds.github.io/tech-docs/css/border-color to find suitable semantic replacement",
  "[91m[REPLACED][0m border-red-900 -> see https://warp-ds.github.io/tech-docs/css/border-color to find suitable semantic replacement",
  "[91m[REPLACED][0m border-bluegray-50 -> see https://warp-ds.github.io/tech-docs/css/border-color to find suitable semantic replacement",
  "[91m[REPLACED][0m border-bluegray-100 -> see https://warp-ds.github.io/tech-docs/css/border-color to find suitable semantic replacement",
  "[91m[REPLACED][0m border-bluegray-200 -> see https://warp-ds.github.io/tech-docs/css/border-color to find suitable semantic replacement",
  "[91m[REPLACED][0m border-bluegray-300 -> see https://warp-ds.github.io/tech-docs/css/border-color to find suitable semantic replacement",
  "[91m[REPLACED][0m border-bluegray-400 -> see https://warp-ds.github.io/tech-docs/css/border-color to find suitable semantic replacement",
  "[91m[REPLACED][0m border-bluegray-500 -> see https://warp-ds.github.io/tech-docs/css/border-color to find suitable semantic replacement",
  "[91m[REPLACED][0m border-bluegray-600 -> see https://warp-ds.github.io/tech-docs/css/border-color to find suitable semantic replacement",
  "[91m[REPLACED][0m border-bluegray-700 -> see https://warp-ds.github.io/tech-docs/css/border-color to find suitable semantic replacement",
  "[91m[REPLACED][0m border-bluegray-800 -> see https://warp-ds.github.io/tech-docs/css/border-color to find suitable semantic replacement",
  "[91m[REPLACED][0m border-bluegray-900 -> see https://warp-ds.github.io/tech-docs/css/border-color to find suitable semantic replacement",
  "[91m[REPLACED][0m border-gray-50 -> see https://warp-ds.github.io/tech-docs/css/border-color to find suitable semantic replacement",
  "[91m[REPLACED][0m border-gray-100 -> see https://warp-ds.github.io/tech-docs/css/border-color to find suitable semantic replacement",
  "[91m[REPLACED][0m border-gray-200 -> see https://warp-ds.github.io/tech-docs/css/border-color to find suitable semantic replacement",
  "[91m[REPLACED][0m border-gray-300 -> see https://warp-ds.github.io/tech-docs/css/border-color to find suitable semantic replacement",
  "[91m[REPLACED][0m border-gray-400 -> see https://warp-ds.github.io/tech-docs/css/border-color to find suitable semantic replacement",
  "[91m[REPLACED][0m border-gray-500 -> see https://warp-ds.github.io/tech-docs/css/border-color to find suitable semantic replacement",
  "[91m[REPLACED][0m border-gray-600 -> see https://warp-ds.github.io/tech-docs/css/border-color to find suitable semantic replacement",
  "[91m[REPLACED][0m border-gray-700 -> see https://warp-ds.github.io/tech-docs/css/border-color to find suitable semantic replacement",
  "[91m[REPLACED][0m border-gray-800 -> see https://warp-ds.github.io/tech-docs/css/border-color to find suitable semantic replacement",
  "[91m[REPLACED][0m border-gray-900 -> see https://warp-ds.github.io/tech-docs/css/border-color to find suitable semantic replacement",
]
`;

exports[`colors > Emits a warning if divide class is used with a color 2`] = `
[
  "[91m[REPLACED][0m divide-white-50 -> more info on replacements coming soon",
  "[91m[REPLACED][0m divide-white-100 -> more info on replacements coming soon",
  "[91m[REPLACED][0m divide-white-200 -> more info on replacements coming soon",
  "[91m[REPLACED][0m divide-white-300 -> more info on replacements coming soon",
  "[91m[REPLACED][0m divide-white-400 -> more info on replacements coming soon",
  "[91m[REPLACED][0m divide-white-500 -> more info on replacements coming soon",
  "[91m[REPLACED][0m divide-white-600 -> more info on replacements coming soon",
  "[91m[REPLACED][0m divide-white-700 -> more info on replacements coming soon",
  "[91m[REPLACED][0m divide-white-800 -> more info on replacements coming soon",
  "[91m[REPLACED][0m divide-white-900 -> more info on replacements coming soon",
  "[91m[REPLACED][0m divide-black-50 -> more info on replacements coming soon",
  "[91m[REPLACED][0m divide-black-100 -> more info on replacements coming soon",
  "[91m[REPLACED][0m divide-black-200 -> more info on replacements coming soon",
  "[91m[REPLACED][0m divide-black-300 -> more info on replacements coming soon",
  "[91m[REPLACED][0m divide-black-400 -> more info on replacements coming soon",
  "[91m[REPLACED][0m divide-black-500 -> more info on replacements coming soon",
  "[91m[REPLACED][0m divide-black-600 -> more info on replacements coming soon",
  "[91m[REPLACED][0m divide-black-700 -> more info on replacements coming soon",
  "[91m[REPLACED][0m divide-black-800 -> more info on replacements coming soon",
  "[91m[REPLACED][0m divide-black-900 -> more info on replacements coming soon",
  "[91m[REPLACED][0m divide-blue-50 -> more info on replacements coming soon",
  "[91m[REPLACED][0m divide-blue-100 -> more info on replacements coming soon",
  "[91m[REPLACED][0m divide-blue-200 -> more info on replacements coming soon",
  "[91m[REPLACED][0m divide-blue-300 -> more info on replacements coming soon",
  "[91m[REPLACED][0m divide-blue-400 -> more info on replacements coming soon",
  "[91m[REPLACED][0m divide-blue-500 -> more info on replacements coming soon",
  "[91m[REPLACED][0m divide-blue-600 -> more info on replacements coming soon",
  "[91m[REPLACED][0m divide-blue-700 -> more info on replacements coming soon",
  "[91m[REPLACED][0m divide-blue-800 -> more info on replacements coming soon",
  "[91m[REPLACED][0m divide-blue-900 -> more info on replacements coming soon",
  "[91m[REPLACED][0m divide-green-50 -> more info on replacements coming soon",
  "[91m[REPLACED][0m divide-green-100 -> more info on replacements coming soon",
  "[91m[REPLACED][0m divide-green-200 -> more info on replacements coming soon",
  "[91m[REPLACED][0m divide-green-300 -> more info on replacements coming soon",
  "[91m[REPLACED][0m divide-green-400 -> more info on replacements coming soon",
  "[91m[REPLACED][0m divide-green-500 -> more info on replacements coming soon",
  "[91m[REPLACED][0m divide-green-600 -> more info on replacements coming soon",
  "[91m[REPLACED][0m divide-green-700 -> more info on replacements coming soon",
  "[91m[REPLACED][0m divide-green-800 -> more info on replacements coming soon",
  "[91m[REPLACED][0m divide-green-900 -> more info on replacements coming soon",
  "[91m[REPLACED][0m divide-aqua-50 -> more info on replacements coming soon",
  "[91m[REPLACED][0m divide-aqua-100 -> more info on replacements coming soon",
  "[91m[REPLACED][0m divide-aqua-200 -> more info on replacements coming soon",
  "[91m[REPLACED][0m divide-aqua-300 -> more info on replacements coming soon",
  "[91m[REPLACED][0m divide-aqua-400 -> more info on replacements coming soon",
  "[91m[REPLACED][0m divide-aqua-500 -> more info on replacements coming soon",
  "[91m[REPLACED][0m divide-aqua-600 -> more info on replacements coming soon",
  "[91m[REPLACED][0m divide-aqua-700 -> more info on replacements coming soon",
  "[91m[REPLACED][0m divide-aqua-800 -> more info on replacements coming soon",
  "[91m[REPLACED][0m divide-aqua-900 -> more info on replacements coming soon",
  "[91m[REPLACED][0m divide-yellow-50 -> more info on replacements coming soon",
  "[91m[REPLACED][0m divide-yellow-100 -> more info on replacements coming soon",
  "[91m[REPLACED][0m divide-yellow-200 -> more info on replacements coming soon",
  "[91m[REPLACED][0m divide-yellow-300 -> more info on replacements coming soon",
  "[91m[REPLACED][0m divide-yellow-400 -> more info on replacements coming soon",
  "[91m[REPLACED][0m divide-yellow-500 -> more info on replacements coming soon",
  "[91m[REPLACED][0m divide-yellow-600 -> more info on replacements coming soon",
  "[91m[REPLACED][0m divide-yellow-700 -> more info on replacements coming soon",
  "[91m[REPLACED][0m divide-yellow-800 -> more info on replacements coming soon",
  "[91m[REPLACED][0m divide-yellow-900 -> more info on replacements coming soon",
  "[91m[REPLACED][0m divide-red-50 -> more info on replacements coming soon",
  "[91m[REPLACED][0m divide-red-100 -> more info on replacements coming soon",
  "[91m[REPLACED][0m divide-red-200 -> more info on replacements coming soon",
  "[91m[REPLACED][0m divide-red-300 -> more info on replacements coming soon",
  "[91m[REPLACED][0m divide-red-400 -> more info on replacements coming soon",
  "[91m[REPLACED][0m divide-red-500 -> more info on replacements coming soon",
  "[91m[REPLACED][0m divide-red-600 -> more info on replacements coming soon",
  "[91m[REPLACED][0m divide-red-700 -> more info on replacements coming soon",
  "[91m[REPLACED][0m divide-red-800 -> more info on replacements coming soon",
  "[91m[REPLACED][0m divide-red-900 -> more info on replacements coming soon",
  "[91m[REPLACED][0m divide-bluegray-50 -> more info on replacements coming soon",
  "[91m[REPLACED][0m divide-bluegray-100 -> more info on replacements coming soon",
  "[91m[REPLACED][0m divide-bluegray-200 -> more info on replacements coming soon",
  "[91m[REPLACED][0m divide-bluegray-300 -> more info on replacements coming soon",
  "[91m[REPLACED][0m divide-bluegray-400 -> more info on replacements coming soon",
  "[91m[REPLACED][0m divide-bluegray-500 -> more info on replacements coming soon",
  "[91m[REPLACED][0m divide-bluegray-600 -> more info on replacements coming soon",
  "[91m[REPLACED][0m divide-bluegray-700 -> more info on replacements coming soon",
  "[91m[REPLACED][0m divide-bluegray-800 -> more info on replacements coming soon",
  "[91m[REPLACED][0m divide-bluegray-900 -> more info on replacements coming soon",
  "[91m[REPLACED][0m divide-gray-50 -> more info on replacements coming soon",
  "[91m[REPLACED][0m divide-gray-100 -> more info on replacements coming soon",
  "[91m[REPLACED][0m divide-gray-200 -> more info on replacements coming soon",
  "[91m[REPLACED][0m divide-gray-300 -> more info on replacements coming soon",
  "[91m[REPLACED][0m divide-gray-400 -> more info on replacements coming soon",
  "[91m[REPLACED][0m divide-gray-500 -> more info on replacements coming soon",
  "[91m[REPLACED][0m divide-gray-600 -> more info on replacements coming soon",
  "[91m[REPLACED][0m divide-gray-700 -> more info on replacements coming soon",
  "[91m[REPLACED][0m divide-gray-800 -> more info on replacements coming soon",
  "[91m[REPLACED][0m divide-gray-900 -> more info on replacements coming soon",
]
`;

exports[`colors > Emits a warning if text class is used with a color 2`] = `
[
  "[91m[REPLACED][0m text-white-50 -> see https://warp-ds.github.io/tech-docs/css/text-color to find suitable semantic replacement",
  "[91m[REPLACED][0m text-white-100 -> see https://warp-ds.github.io/tech-docs/css/text-color to find suitable semantic replacement",
  "[91m[REPLACED][0m text-white-200 -> see https://warp-ds.github.io/tech-docs/css/text-color to find suitable semantic replacement",
  "[91m[REPLACED][0m text-white-300 -> see https://warp-ds.github.io/tech-docs/css/text-color to find suitable semantic replacement",
  "[91m[REPLACED][0m text-white-400 -> see https://warp-ds.github.io/tech-docs/css/text-color to find suitable semantic replacement",
  "[91m[REPLACED][0m text-white-500 -> see https://warp-ds.github.io/tech-docs/css/text-color to find suitable semantic replacement",
  "[91m[REPLACED][0m text-white-600 -> see https://warp-ds.github.io/tech-docs/css/text-color to find suitable semantic replacement",
  "[91m[REPLACED][0m text-white-700 -> see https://warp-ds.github.io/tech-docs/css/text-color to find suitable semantic replacement",
  "[91m[REPLACED][0m text-white-800 -> see https://warp-ds.github.io/tech-docs/css/text-color to find suitable semantic replacement",
  "[91m[REPLACED][0m text-white-900 -> see https://warp-ds.github.io/tech-docs/css/text-color to find suitable semantic replacement",
  "[91m[REPLACED][0m text-black-50 -> see https://warp-ds.github.io/tech-docs/css/text-color to find suitable semantic replacement",
  "[91m[REPLACED][0m text-black-100 -> see https://warp-ds.github.io/tech-docs/css/text-color to find suitable semantic replacement",
  "[91m[REPLACED][0m text-black-200 -> see https://warp-ds.github.io/tech-docs/css/text-color to find suitable semantic replacement",
  "[91m[REPLACED][0m text-black-300 -> see https://warp-ds.github.io/tech-docs/css/text-color to find suitable semantic replacement",
  "[91m[REPLACED][0m text-black-400 -> see https://warp-ds.github.io/tech-docs/css/text-color to find suitable semantic replacement",
  "[91m[REPLACED][0m text-black-500 -> see https://warp-ds.github.io/tech-docs/css/text-color to find suitable semantic replacement",
  "[91m[REPLACED][0m text-black-600 -> see https://warp-ds.github.io/tech-docs/css/text-color to find suitable semantic replacement",
  "[91m[REPLACED][0m text-black-700 -> see https://warp-ds.github.io/tech-docs/css/text-color to find suitable semantic replacement",
  "[91m[REPLACED][0m text-black-800 -> see https://warp-ds.github.io/tech-docs/css/text-color to find suitable semantic replacement",
  "[91m[REPLACED][0m text-black-900 -> see https://warp-ds.github.io/tech-docs/css/text-color to find suitable semantic replacement",
  "[91m[REPLACED][0m text-blue-50 -> see https://warp-ds.github.io/tech-docs/css/text-color to find suitable semantic replacement",
  "[91m[REPLACED][0m text-blue-100 -> see https://warp-ds.github.io/tech-docs/css/text-color to find suitable semantic replacement",
  "[91m[REPLACED][0m text-blue-200 -> see https://warp-ds.github.io/tech-docs/css/text-color to find suitable semantic replacement",
  "[91m[REPLACED][0m text-blue-300 -> see https://warp-ds.github.io/tech-docs/css/text-color to find suitable semantic replacement",
  "[91m[REPLACED][0m text-blue-400 -> see https://warp-ds.github.io/tech-docs/css/text-color to find suitable semantic replacement",
  "[91m[REPLACED][0m text-blue-500 -> see https://warp-ds.github.io/tech-docs/css/text-color to find suitable semantic replacement",
  "[91m[REPLACED][0m text-blue-600 -> see https://warp-ds.github.io/tech-docs/css/text-color to find suitable semantic replacement",
  "[91m[REPLACED][0m text-blue-700 -> see https://warp-ds.github.io/tech-docs/css/text-color to find suitable semantic replacement",
  "[91m[REPLACED][0m text-blue-800 -> see https://warp-ds.github.io/tech-docs/css/text-color to find suitable semantic replacement",
  "[91m[REPLACED][0m text-blue-900 -> see https://warp-ds.github.io/tech-docs/css/text-color to find suitable semantic replacement",
  "[91m[REPLACED][0m text-green-50 -> see https://warp-ds.github.io/tech-docs/css/text-color to find suitable semantic replacement",
  "[91m[REPLACED][0m text-green-100 -> see https://warp-ds.github.io/tech-docs/css/text-color to find suitable semantic replacement",
  "[91m[REPLACED][0m text-green-200 -> see https://warp-ds.github.io/tech-docs/css/text-color to find suitable semantic replacement",
  "[91m[REPLACED][0m text-green-300 -> see https://warp-ds.github.io/tech-docs/css/text-color to find suitable semantic replacement",
  "[91m[REPLACED][0m text-green-400 -> see https://warp-ds.github.io/tech-docs/css/text-color to find suitable semantic replacement",
  "[91m[REPLACED][0m text-green-500 -> see https://warp-ds.github.io/tech-docs/css/text-color to find suitable semantic replacement",
  "[91m[REPLACED][0m text-green-600 -> see https://warp-ds.github.io/tech-docs/css/text-color to find suitable semantic replacement",
  "[91m[REPLACED][0m text-green-700 -> see https://warp-ds.github.io/tech-docs/css/text-color to find suitable semantic replacement",
  "[91m[REPLACED][0m text-green-800 -> see https://warp-ds.github.io/tech-docs/css/text-color to find suitable semantic replacement",
  "[91m[REPLACED][0m text-green-900 -> see https://warp-ds.github.io/tech-docs/css/text-color to find suitable semantic replacement",
  "[91m[REPLACED][0m text-aqua-50 -> see https://warp-ds.github.io/tech-docs/css/text-color to find suitable semantic replacement",
  "[91m[REPLACED][0m text-aqua-100 -> see https://warp-ds.github.io/tech-docs/css/text-color to find suitable semantic replacement",
  "[91m[REPLACED][0m text-aqua-200 -> see https://warp-ds.github.io/tech-docs/css/text-color to find suitable semantic replacement",
  "[91m[REPLACED][0m text-aqua-300 -> see https://warp-ds.github.io/tech-docs/css/text-color to find suitable semantic replacement",
  "[91m[REPLACED][0m text-aqua-400 -> see https://warp-ds.github.io/tech-docs/css/text-color to find suitable semantic replacement",
  "[91m[REPLACED][0m text-aqua-500 -> see https://warp-ds.github.io/tech-docs/css/text-color to find suitable semantic replacement",
  "[91m[REPLACED][0m text-aqua-600 -> see https://warp-ds.github.io/tech-docs/css/text-color to find suitable semantic replacement",
  "[91m[REPLACED][0m text-aqua-700 -> see https://warp-ds.github.io/tech-docs/css/text-color to find suitable semantic replacement",
  "[91m[REPLACED][0m text-aqua-800 -> see https://warp-ds.github.io/tech-docs/css/text-color to find suitable semantic replacement",
  "[91m[REPLACED][0m text-aqua-900 -> see https://warp-ds.github.io/tech-docs/css/text-color to find suitable semantic replacement",
  "[91m[REPLACED][0m text-yellow-50 -> see https://warp-ds.github.io/tech-docs/css/text-color to find suitable semantic replacement",
  "[91m[REPLACED][0m text-yellow-100 -> see https://warp-ds.github.io/tech-docs/css/text-color to find suitable semantic replacement",
  "[91m[REPLACED][0m text-yellow-200 -> see https://warp-ds.github.io/tech-docs/css/text-color to find suitable semantic replacement",
  "[91m[REPLACED][0m text-yellow-300 -> see https://warp-ds.github.io/tech-docs/css/text-color to find suitable semantic replacement",
  "[91m[REPLACED][0m text-yellow-400 -> see https://warp-ds.github.io/tech-docs/css/text-color to find suitable semantic replacement",
  "[91m[REPLACED][0m text-yellow-500 -> see https://warp-ds.github.io/tech-docs/css/text-color to find suitable semantic replacement",
  "[91m[REPLACED][0m text-yellow-600 -> see https://warp-ds.github.io/tech-docs/css/text-color to find suitable semantic replacement",
  "[91m[REPLACED][0m text-yellow-700 -> see https://warp-ds.github.io/tech-docs/css/text-color to find suitable semantic replacement",
  "[91m[REPLACED][0m text-yellow-800 -> see https://warp-ds.github.io/tech-docs/css/text-color to find suitable semantic replacement",
  "[91m[REPLACED][0m text-yellow-900 -> see https://warp-ds.github.io/tech-docs/css/text-color to find suitable semantic replacement",
  "[91m[REPLACED][0m text-red-50 -> see https://warp-ds.github.io/tech-docs/css/text-color to find suitable semantic replacement",
  "[91m[REPLACED][0m text-red-100 -> see https://warp-ds.github.io/tech-docs/css/text-color to find suitable semantic replacement",
  "[91m[REPLACED][0m text-red-200 -> see https://warp-ds.github.io/tech-docs/css/text-color to find suitable semantic replacement",
  "[91m[REPLACED][0m text-red-300 -> see https://warp-ds.github.io/tech-docs/css/text-color to find suitable semantic replacement",
  "[91m[REPLACED][0m text-red-400 -> see https://warp-ds.github.io/tech-docs/css/text-color to find suitable semantic replacement",
  "[91m[REPLACED][0m text-red-500 -> see https://warp-ds.github.io/tech-docs/css/text-color to find suitable semantic replacement",
  "[91m[REPLACED][0m text-red-600 -> see https://warp-ds.github.io/tech-docs/css/text-color to find suitable semantic replacement",
  "[91m[REPLACED][0m text-red-700 -> see https://warp-ds.github.io/tech-docs/css/text-color to find suitable semantic replacement",
  "[91m[REPLACED][0m text-red-800 -> see https://warp-ds.github.io/tech-docs/css/text-color to find suitable semantic replacement",
  "[91m[REPLACED][0m text-red-900 -> see https://warp-ds.github.io/tech-docs/css/text-color to find suitable semantic replacement",
  "[91m[REPLACED][0m text-bluegray-50 -> see https://warp-ds.github.io/tech-docs/css/text-color to find suitable semantic replacement",
  "[91m[REPLACED][0m text-bluegray-100 -> see https://warp-ds.github.io/tech-docs/css/text-color to find suitable semantic replacement",
  "[91m[REPLACED][0m text-bluegray-200 -> see https://warp-ds.github.io/tech-docs/css/text-color to find suitable semantic replacement",
  "[91m[REPLACED][0m text-bluegray-300 -> see https://warp-ds.github.io/tech-docs/css/text-color to find suitable semantic replacement",
  "[91m[REPLACED][0m text-bluegray-400 -> see https://warp-ds.github.io/tech-docs/css/text-color to find suitable semantic replacement",
  "[91m[REPLACED][0m text-bluegray-500 -> see https://warp-ds.github.io/tech-docs/css/text-color to find suitable semantic replacement",
  "[91m[REPLACED][0m text-bluegray-600 -> see https://warp-ds.github.io/tech-docs/css/text-color to find suitable semantic replacement",
  "[91m[REPLACED][0m text-bluegray-700 -> see https://warp-ds.github.io/tech-docs/css/text-color to find suitable semantic replacement",
  "[91m[REPLACED][0m text-bluegray-800 -> see https://warp-ds.github.io/tech-docs/css/text-color to find suitable semantic replacement",
  "[91m[REPLACED][0m text-bluegray-900 -> see https://warp-ds.github.io/tech-docs/css/text-color to find suitable semantic replacement",
  "[91m[REPLACED][0m text-gray-50 -> see https://warp-ds.github.io/tech-docs/css/text-color to find suitable semantic replacement",
  "[91m[REPLACED][0m text-gray-100 -> see https://warp-ds.github.io/tech-docs/css/text-color to find suitable semantic replacement",
  "[91m[REPLACED][0m text-gray-200 -> see https://warp-ds.github.io/tech-docs/css/text-color to find suitable semantic replacement",
  "[91m[REPLACED][0m text-gray-300 -> see https://warp-ds.github.io/tech-docs/css/text-color to find suitable semantic replacement",
  "[91m[REPLACED][0m text-gray-400 -> see https://warp-ds.github.io/tech-docs/css/text-color to find suitable semantic replacement",
  "[91m[REPLACED][0m text-gray-500 -> see https://warp-ds.github.io/tech-docs/css/text-color to find suitable semantic replacement",
  "[91m[REPLACED][0m text-gray-600 -> see https://warp-ds.github.io/tech-docs/css/text-color to find suitable semantic replacement",
  "[91m[REPLACED][0m text-gray-700 -> see https://warp-ds.github.io/tech-docs/css/text-color to find suitable semantic replacement",
  "[91m[REPLACED][0m text-gray-800 -> see https://warp-ds.github.io/tech-docs/css/text-color to find suitable semantic replacement",
  "[91m[REPLACED][0m text-gray-900 -> see https://warp-ds.github.io/tech-docs/css/text-color to find suitable semantic replacement",
]
`;
