// Vitest Snapshot v1, https://vitest.dev/guide/snapshot.html

exports[`filter > prints a warning for using deprecated (backdrop) blur filter 2`] = `
[
  "[REMOVED] blur-sm",
  "[REMOVED] backdrop-blur-sm",
  "[REMOVED] blur-md",
  "[REMOVED] backdrop-blur-md",
  "[REMOVED] blur-lg",
  "[REMOVED] backdrop-blur-lg",
  "[REMOVED] blur-xl",
  "[REMOVED] backdrop-blur-xl",
  "[REMOVED] blur-2xl",
  "[REMOVED] backdrop-blur-2xl",
  "[REMOVED] blur-3xl",
  "[REMOVED] backdrop-blur-3xl",
]
`;

exports[`filter > prints a warning for using deprecated backdrop opacity filter 2`] = `
[
  "[REMOVED] backdrop-opacity-0",
  "[REMOVED] backdrop-opacity-5",
  "[REMOVED] backdrop-opacity-10",
  "[REMOVED] backdrop-opacity-20",
  "[REMOVED] backdrop-opacity-25",
  "[REMOVED] backdrop-opacity-30",
  "[REMOVED] backdrop-opacity-40",
  "[REMOVED] backdrop-opacity-50",
  "[REMOVED] backdrop-opacity-60",
  "[REMOVED] backdrop-opacity-70",
  "[REMOVED] backdrop-opacity-75",
  "[REMOVED] backdrop-opacity-80",
  "[REMOVED] backdrop-opacity-90",
  "[REMOVED] backdrop-opacity-95",
  "[REMOVED] backdrop-opacity-100",
]
`;

exports[`filter > prints a warning for using deprecated filters brightness|contrast|hue-rotate|saturate 2`] = `
[
  "[REMOVED] backdrop-brightness-0",
  "[REMOVED] brightness-0",
  "[REMOVED] backdrop-brightness-50",
  "[REMOVED] brightness-50",
  "[REMOVED] backdrop-brightness-75",
  "[REMOVED] brightness-75",
  "[REMOVED] backdrop-brightness-90",
  "[REMOVED] brightness-90",
  "[REMOVED] backdrop-brightness-95",
  "[REMOVED] brightness-95",
  "[REMOVED] backdrop-brightness-100",
  "[REMOVED] brightness-100",
  "[REMOVED] backdrop-brightness-105",
  "[REMOVED] brightness-105",
  "[REMOVED] backdrop-brightness-110",
  "[REMOVED] brightness-110",
  "[REMOVED] backdrop-brightness-125",
  "[REMOVED] brightness-125",
  "[REMOVED] backdrop-brightness-150",
  "[REMOVED] brightness-150",
  "[REMOVED] backdrop-brightness-200",
  "[REMOVED] brightness-200",
  "[REMOVED] backdrop-contrast-0",
  "[REMOVED] contrast-0",
  "[REMOVED] backdrop-contrast-50",
  "[REMOVED] contrast-50",
  "[REMOVED] backdrop-contrast-75",
  "[REMOVED] contrast-75",
  "[REMOVED] backdrop-contrast-90",
  "[REMOVED] contrast-90",
  "[REMOVED] backdrop-contrast-95",
  "[REMOVED] contrast-95",
  "[REMOVED] backdrop-contrast-100",
  "[REMOVED] contrast-100",
  "[REMOVED] backdrop-contrast-105",
  "[REMOVED] contrast-105",
  "[REMOVED] backdrop-contrast-110",
  "[REMOVED] contrast-110",
  "[REMOVED] backdrop-contrast-125",
  "[REMOVED] contrast-125",
  "[REMOVED] backdrop-contrast-150",
  "[REMOVED] contrast-150",
  "[REMOVED] backdrop-contrast-200",
  "[REMOVED] contrast-200",
  "[REMOVED] backdrop-hue-rotate-0",
  "[REMOVED] hue-rotate-0",
  "[REMOVED] backdrop-hue-rotate-50",
  "[REMOVED] hue-rotate-50",
  "[REMOVED] backdrop-hue-rotate-75",
  "[REMOVED] hue-rotate-75",
  "[REMOVED] backdrop-hue-rotate-90",
  "[REMOVED] hue-rotate-90",
  "[REMOVED] backdrop-hue-rotate-95",
  "[REMOVED] hue-rotate-95",
  "[REMOVED] backdrop-hue-rotate-100",
  "[REMOVED] hue-rotate-100",
  "[REMOVED] backdrop-hue-rotate-105",
  "[REMOVED] hue-rotate-105",
  "[REMOVED] backdrop-hue-rotate-110",
  "[REMOVED] hue-rotate-110",
  "[REMOVED] backdrop-hue-rotate-125",
  "[REMOVED] hue-rotate-125",
  "[REMOVED] backdrop-hue-rotate-150",
  "[REMOVED] hue-rotate-150",
  "[REMOVED] backdrop-hue-rotate-200",
  "[REMOVED] hue-rotate-200",
  "[REMOVED] backdrop-saturate-0",
  "[REMOVED] saturate-0",
  "[REMOVED] backdrop-saturate-50",
  "[REMOVED] saturate-50",
  "[REMOVED] backdrop-saturate-75",
  "[REMOVED] saturate-75",
  "[REMOVED] backdrop-saturate-90",
  "[REMOVED] saturate-90",
  "[REMOVED] backdrop-saturate-95",
  "[REMOVED] saturate-95",
  "[REMOVED] backdrop-saturate-100",
  "[REMOVED] saturate-100",
  "[REMOVED] backdrop-saturate-105",
  "[REMOVED] saturate-105",
  "[REMOVED] backdrop-saturate-110",
  "[REMOVED] saturate-110",
  "[REMOVED] backdrop-saturate-125",
  "[REMOVED] saturate-125",
  "[REMOVED] backdrop-saturate-150",
  "[REMOVED] saturate-150",
  "[REMOVED] backdrop-saturate-200",
  "[REMOVED] saturate-200",
]
`;

exports[`filter > prints a warning for using deprecated filters with static values 2`] = `
[
  "[REMOVED] backdrop-blur",
  "[REMOVED] backdrop-filter",
  "[REMOVED] backdrop-filter-none",
  "[REMOVED] backdrop-invert-0",
  "[REMOVED] invert-0",
  "[REMOVED] backdrop-sepia-0",
  "[REMOVED] sepia-0",
]
`;
