// Vitest Snapshot v1, https://vitest.dev/guide/snapshot.html

exports[`filter > prints a warning for using deprecated (backdrop) blur filter 2`] = `
[
  "[91m[REMOVED][0m blur-sm",
  "[91m[REMOVED][0m backdrop-blur-sm",
  "[91m[REMOVED][0m blur-md",
  "[91m[REMOVED][0m backdrop-blur-md",
  "[91m[REMOVED][0m blur-lg",
  "[91m[REMOVED][0m backdrop-blur-lg",
  "[91m[REMOVED][0m blur-xl",
  "[91m[REMOVED][0m backdrop-blur-xl",
  "[91m[REMOVED][0m blur-2xl",
  "[91m[REMOVED][0m backdrop-blur-2xl",
  "[91m[REMOVED][0m blur-3xl",
  "[91m[REMOVED][0m backdrop-blur-3xl",
]
`;

exports[`filter > prints a warning for using deprecated backdrop opacity filter 2`] = `
[
  "[91m[REMOVED][0m backdrop-opacity-0",
  "[91m[REMOVED][0m backdrop-opacity-5",
  "[91m[REMOVED][0m backdrop-opacity-10",
  "[91m[REMOVED][0m backdrop-opacity-20",
  "[91m[REMOVED][0m backdrop-opacity-25",
  "[91m[REMOVED][0m backdrop-opacity-30",
  "[91m[REMOVED][0m backdrop-opacity-40",
  "[91m[REMOVED][0m backdrop-opacity-50",
  "[91m[REMOVED][0m backdrop-opacity-60",
  "[91m[REMOVED][0m backdrop-opacity-70",
  "[91m[REMOVED][0m backdrop-opacity-75",
  "[91m[REMOVED][0m backdrop-opacity-80",
  "[91m[REMOVED][0m backdrop-opacity-90",
  "[91m[REMOVED][0m backdrop-opacity-95",
  "[91m[REMOVED][0m backdrop-opacity-100",
]
`;

exports[`filter > prints a warning for using deprecated filters brightness|contrast|hue-rotate|saturate 2`] = `
[
  "[91m[REMOVED][0m backdrop-brightness-0",
  "[91m[REMOVED][0m brightness-0",
  "[91m[REMOVED][0m backdrop-brightness-50",
  "[91m[REMOVED][0m brightness-50",
  "[91m[REMOVED][0m backdrop-brightness-75",
  "[91m[REMOVED][0m brightness-75",
  "[91m[REMOVED][0m backdrop-brightness-90",
  "[91m[REMOVED][0m brightness-90",
  "[91m[REMOVED][0m backdrop-brightness-95",
  "[91m[REMOVED][0m brightness-95",
  "[91m[REMOVED][0m backdrop-brightness-100",
  "[91m[REMOVED][0m brightness-100",
  "[91m[REMOVED][0m backdrop-brightness-105",
  "[91m[REMOVED][0m brightness-105",
  "[91m[REMOVED][0m backdrop-brightness-110",
  "[91m[REMOVED][0m brightness-110",
  "[91m[REMOVED][0m backdrop-brightness-125",
  "[91m[REMOVED][0m brightness-125",
  "[91m[REMOVED][0m backdrop-brightness-150",
  "[91m[REMOVED][0m brightness-150",
  "[91m[REMOVED][0m backdrop-brightness-200",
  "[91m[REMOVED][0m brightness-200",
  "[91m[REMOVED][0m backdrop-contrast-0",
  "[91m[REMOVED][0m contrast-0",
  "[91m[REMOVED][0m backdrop-contrast-50",
  "[91m[REMOVED][0m contrast-50",
  "[91m[REMOVED][0m backdrop-contrast-75",
  "[91m[REMOVED][0m contrast-75",
  "[91m[REMOVED][0m backdrop-contrast-90",
  "[91m[REMOVED][0m contrast-90",
  "[91m[REMOVED][0m backdrop-contrast-95",
  "[91m[REMOVED][0m contrast-95",
  "[91m[REMOVED][0m backdrop-contrast-100",
  "[91m[REMOVED][0m contrast-100",
  "[91m[REMOVED][0m backdrop-contrast-105",
  "[91m[REMOVED][0m contrast-105",
  "[91m[REMOVED][0m backdrop-contrast-110",
  "[91m[REMOVED][0m contrast-110",
  "[91m[REMOVED][0m backdrop-contrast-125",
  "[91m[REMOVED][0m contrast-125",
  "[91m[REMOVED][0m backdrop-contrast-150",
  "[91m[REMOVED][0m contrast-150",
  "[91m[REMOVED][0m backdrop-contrast-200",
  "[91m[REMOVED][0m contrast-200",
  "[91m[REMOVED][0m backdrop-hue-rotate-0",
  "[91m[REMOVED][0m hue-rotate-0",
  "[91m[REMOVED][0m backdrop-hue-rotate-50",
  "[91m[REMOVED][0m hue-rotate-50",
  "[91m[REMOVED][0m backdrop-hue-rotate-75",
  "[91m[REMOVED][0m hue-rotate-75",
  "[91m[REMOVED][0m backdrop-hue-rotate-90",
  "[91m[REMOVED][0m hue-rotate-90",
  "[91m[REMOVED][0m backdrop-hue-rotate-95",
  "[91m[REMOVED][0m hue-rotate-95",
  "[91m[REMOVED][0m backdrop-hue-rotate-100",
  "[91m[REMOVED][0m hue-rotate-100",
  "[91m[REMOVED][0m backdrop-hue-rotate-105",
  "[91m[REMOVED][0m hue-rotate-105",
  "[91m[REMOVED][0m backdrop-hue-rotate-110",
  "[91m[REMOVED][0m hue-rotate-110",
  "[91m[REMOVED][0m backdrop-hue-rotate-125",
  "[91m[REMOVED][0m hue-rotate-125",
  "[91m[REMOVED][0m backdrop-hue-rotate-150",
  "[91m[REMOVED][0m hue-rotate-150",
  "[91m[REMOVED][0m backdrop-hue-rotate-200",
  "[91m[REMOVED][0m hue-rotate-200",
  "[91m[REMOVED][0m backdrop-saturate-0",
  "[91m[REMOVED][0m saturate-0",
  "[91m[REMOVED][0m backdrop-saturate-50",
  "[91m[REMOVED][0m saturate-50",
  "[91m[REMOVED][0m backdrop-saturate-75",
  "[91m[REMOVED][0m saturate-75",
  "[91m[REMOVED][0m backdrop-saturate-90",
  "[91m[REMOVED][0m saturate-90",
  "[91m[REMOVED][0m backdrop-saturate-95",
  "[91m[REMOVED][0m saturate-95",
  "[91m[REMOVED][0m backdrop-saturate-100",
  "[91m[REMOVED][0m saturate-100",
  "[91m[REMOVED][0m backdrop-saturate-105",
  "[91m[REMOVED][0m saturate-105",
  "[91m[REMOVED][0m backdrop-saturate-110",
  "[91m[REMOVED][0m saturate-110",
  "[91m[REMOVED][0m backdrop-saturate-125",
  "[91m[REMOVED][0m saturate-125",
  "[91m[REMOVED][0m backdrop-saturate-150",
  "[91m[REMOVED][0m saturate-150",
  "[91m[REMOVED][0m backdrop-saturate-200",
  "[91m[REMOVED][0m saturate-200",
]
`;

exports[`filter > prints a warning for using deprecated filters with static values 2`] = `
[
  "[91m[REMOVED][0m backdrop-blur",
  "[91m[REMOVED][0m backdrop-filter",
  "[91m[REMOVED][0m backdrop-filter-none",
  "[91m[REMOVED][0m backdrop-invert-0",
  "[91m[REMOVED][0m invert-0",
  "[91m[REMOVED][0m backdrop-sepia-0",
  "[91m[REMOVED][0m sepia-0",
]
`;
