// Vitest Snapshot v1, https://vitest.dev/guide/snapshot.html

exports[`ring > Emits a warning if ring classes are used 2`] = `
[
  "[REMOVED] ring-blue-50",
  "[REMOVED] ring-blue-100",
  "[REMOVED] ring-blue-200",
  "[REMOVED] ring-blue-300",
  "[REMOVED] ring-blue-400",
  "[REMOVED] ring-blue-500",
  "[REMOVED] ring-blue-600",
  "[REMOVED] ring-blue-700",
  "[REMOVED] ring-blue-800",
  "[REMOVED] ring-blue-900",
  "[REMOVED] ring-offset-blue-50",
  "[REMOVED] ring-offset-blue-100",
  "[REMOVED] ring-offset-blue-200",
  "[REMOVED] ring-offset-blue-300",
  "[REMOVED] ring-offset-blue-400",
  "[REMOVED] ring-offset-blue-500",
  "[REMOVED] ring-offset-blue-600",
  "[REMOVED] ring-offset-blue-700",
  "[REMOVED] ring-offset-blue-800",
  "[REMOVED] ring-offset-blue-900",
  "[REMOVED] ring-green-50",
  "[REMOVED] ring-green-100",
  "[REMOVED] ring-green-200",
  "[REMOVED] ring-green-300",
  "[REMOVED] ring-green-400",
  "[REMOVED] ring-green-500",
  "[REMOVED] ring-green-600",
  "[REMOVED] ring-green-700",
  "[REMOVED] ring-green-800",
  "[REMOVED] ring-green-900",
  "[REMOVED] ring-offset-green-50",
  "[REMOVED] ring-offset-green-100",
  "[REMOVED] ring-offset-green-200",
  "[REMOVED] ring-offset-green-300",
  "[REMOVED] ring-offset-green-400",
  "[REMOVED] ring-offset-green-500",
  "[REMOVED] ring-offset-green-600",
  "[REMOVED] ring-offset-green-700",
  "[REMOVED] ring-offset-green-800",
  "[REMOVED] ring-offset-green-900",
  "[REMOVED] ring-aqua-50",
  "[REMOVED] ring-aqua-100",
  "[REMOVED] ring-aqua-200",
  "[REMOVED] ring-aqua-300",
  "[REMOVED] ring-aqua-400",
  "[REMOVED] ring-aqua-500",
  "[REMOVED] ring-aqua-600",
  "[REMOVED] ring-aqua-700",
  "[REMOVED] ring-aqua-800",
  "[REMOVED] ring-aqua-900",
  "[REMOVED] ring-offset-aqua-50",
  "[REMOVED] ring-offset-aqua-100",
  "[REMOVED] ring-offset-aqua-200",
  "[REMOVED] ring-offset-aqua-300",
  "[REMOVED] ring-offset-aqua-400",
  "[REMOVED] ring-offset-aqua-500",
  "[REMOVED] ring-offset-aqua-600",
  "[REMOVED] ring-offset-aqua-700",
  "[REMOVED] ring-offset-aqua-800",
  "[REMOVED] ring-offset-aqua-900",
  "[REMOVED] ring-yellow-50",
  "[REMOVED] ring-yellow-100",
  "[REMOVED] ring-yellow-200",
  "[REMOVED] ring-yellow-300",
  "[REMOVED] ring-yellow-400",
  "[REMOVED] ring-yellow-500",
  "[REMOVED] ring-yellow-600",
  "[REMOVED] ring-yellow-700",
  "[REMOVED] ring-yellow-800",
  "[REMOVED] ring-yellow-900",
  "[REMOVED] ring-offset-yellow-50",
  "[REMOVED] ring-offset-yellow-100",
  "[REMOVED] ring-offset-yellow-200",
  "[REMOVED] ring-offset-yellow-300",
  "[REMOVED] ring-offset-yellow-400",
  "[REMOVED] ring-offset-yellow-500",
  "[REMOVED] ring-offset-yellow-600",
  "[REMOVED] ring-offset-yellow-700",
  "[REMOVED] ring-offset-yellow-800",
  "[REMOVED] ring-offset-yellow-900",
  "[REMOVED] ring-red-50",
  "[REMOVED] ring-red-100",
  "[REMOVED] ring-red-200",
  "[REMOVED] ring-red-300",
  "[REMOVED] ring-red-400",
  "[REMOVED] ring-red-500",
  "[REMOVED] ring-red-600",
  "[REMOVED] ring-red-700",
  "[REMOVED] ring-red-800",
  "[REMOVED] ring-red-900",
  "[REMOVED] ring-offset-red-50",
  "[REMOVED] ring-offset-red-100",
  "[REMOVED] ring-offset-red-200",
  "[REMOVED] ring-offset-red-300",
  "[REMOVED] ring-offset-red-400",
  "[REMOVED] ring-offset-red-500",
  "[REMOVED] ring-offset-red-600",
  "[REMOVED] ring-offset-red-700",
  "[REMOVED] ring-offset-red-800",
  "[REMOVED] ring-offset-red-900",
  "[REMOVED] ring-bluegray-50",
  "[REMOVED] ring-bluegray-100",
  "[REMOVED] ring-bluegray-200",
  "[REMOVED] ring-bluegray-300",
  "[REMOVED] ring-bluegray-400",
  "[REMOVED] ring-bluegray-500",
  "[REMOVED] ring-bluegray-600",
  "[REMOVED] ring-bluegray-700",
  "[REMOVED] ring-bluegray-800",
  "[REMOVED] ring-bluegray-900",
  "[REMOVED] ring-offset-bluegray-50",
  "[REMOVED] ring-offset-bluegray-100",
  "[REMOVED] ring-offset-bluegray-200",
  "[REMOVED] ring-offset-bluegray-300",
  "[REMOVED] ring-offset-bluegray-400",
  "[REMOVED] ring-offset-bluegray-500",
  "[REMOVED] ring-offset-bluegray-600",
  "[REMOVED] ring-offset-bluegray-700",
  "[REMOVED] ring-offset-bluegray-800",
  "[REMOVED] ring-offset-bluegray-900",
  "[REMOVED] ring-gray-50",
  "[REMOVED] ring-gray-100",
  "[REMOVED] ring-gray-200",
  "[REMOVED] ring-gray-300",
  "[REMOVED] ring-gray-400",
  "[REMOVED] ring-gray-500",
  "[REMOVED] ring-gray-600",
  "[REMOVED] ring-gray-700",
  "[REMOVED] ring-gray-800",
  "[REMOVED] ring-gray-900",
  "[REMOVED] ring-offset-gray-50",
  "[REMOVED] ring-offset-gray-100",
  "[REMOVED] ring-offset-gray-200",
  "[REMOVED] ring-offset-gray-300",
  "[REMOVED] ring-offset-gray-400",
  "[REMOVED] ring-offset-gray-500",
  "[REMOVED] ring-offset-gray-600",
  "[REMOVED] ring-offset-gray-700",
  "[REMOVED] ring-offset-gray-800",
  "[REMOVED] ring-offset-gray-900",
  "[REMOVED] ring-0",
  "[REMOVED] ring-1",
  "[REMOVED] ring-2",
  "[REMOVED] ring-4",
  "[REMOVED] ring-8",
  "[REMOVED] ring-inset",
  "[REMOVED] ring-offset-transparent",
]
`;

exports[`ring > Emits a warning if used with pseudo 2`] = `
[
  "[REMOVED] ring-2",
  "[REMOVED] ring-8",
  "[REMOVED] ring-inset",
  "[REMOVED] ring-offset-transparent",
  "[REMOVED] ring-offset-yellow-400",
  "[REMOVED] ring-blue-500",
]
`;
