// Vitest Snapshot v1, https://vitest.dev/guide/snapshot.html

exports[`shadow > Emits a warning if drop-shadow or shadow classes are used 2`] = `
[
  "[91m[REPLACED][0m shadow -> check https://warp-ds.github.io/tech-docs/css/box-shadow for supported shadow classes",
  "[91m[REPLACED][0m drop-shadow -> check https://warp-ds.github.io/tech-docs/css/drop-shadow for supported shadow classes",
  "[91m[REPLACED][0m shadow-2 -> check https://warp-ds.github.io/tech-docs/css/box-shadow for supported shadow classes",
  "[91m[REPLACED][0m shadow-3 -> check https://warp-ds.github.io/tech-docs/css/box-shadow for supported shadow classes",
  "[91m[REPLACED][0m shadow-4 -> check https://warp-ds.github.io/tech-docs/css/box-shadow for supported shadow classes",
  "[91m[REPLACED][0m shadow-10 -> check https://warp-ds.github.io/tech-docs/css/box-shadow for supported shadow classes",
  "[91m[REPLACED][0m shadow-20 -> check https://warp-ds.github.io/tech-docs/css/box-shadow for supported shadow classes",
  "[91m[REPLACED][0m shadow-30 -> check https://warp-ds.github.io/tech-docs/css/box-shadow for supported shadow classes",
  "[91m[REPLACED][0m shadow-40 -> check https://warp-ds.github.io/tech-docs/css/box-shadow for supported shadow classes",
  "[91m[REMOVED][0m shadow-none",
  "[91m[REPLACED][0m drop-shadow-2 -> check https://warp-ds.github.io/tech-docs/css/drop-shadow for supported shadow classes",
  "[91m[REPLACED][0m drop-shadow-3 -> check https://warp-ds.github.io/tech-docs/css/drop-shadow for supported shadow classes",
  "[91m[REPLACED][0m drop-shadow-4 -> check https://warp-ds.github.io/tech-docs/css/drop-shadow for supported shadow classes",
  "[91m[REPLACED][0m drop-shadow-10 -> check https://warp-ds.github.io/tech-docs/css/drop-shadow for supported shadow classes",
  "[91m[REPLACED][0m drop-shadow-20 -> check https://warp-ds.github.io/tech-docs/css/drop-shadow for supported shadow classes",
  "[91m[REPLACED][0m drop-shadow-30 -> check https://warp-ds.github.io/tech-docs/css/drop-shadow for supported shadow classes",
  "[91m[REPLACED][0m drop-shadow-40 -> check https://warp-ds.github.io/tech-docs/css/drop-shadow for supported shadow classes",
  "[91m[REMOVED][0m drop-shadow-none",
]
`;

exports[`shadow > Emits a warning if used with pseudo 2`] = `
[
  "[91m[REPLACED][0m drop-shadow -> check https://warp-ds.github.io/tech-docs/css/drop-shadow for supported shadow classes",
  "[91m[REPLACED][0m shadow-20 -> check https://warp-ds.github.io/tech-docs/css/box-shadow for supported shadow classes",
  "[91m[REMOVED][0m shadow-none",
  "[91m[REPLACED][0m shadow-40 -> check https://warp-ds.github.io/tech-docs/css/box-shadow for supported shadow classes",
]
`;
