// Vitest Snapshot v1, https://vitest.dev/guide/snapshot.html

exports[`shadow > Emits a warning if drop-shadow or shadow classes are used 2`] = `
[
  "[REPLACED] shadow -> check https://warp-ds.github.io/css-docs/box-shadow for supported shadow classes",
  "[REPLACED] drop-shadow -> more info on replacements coming soon",
  "[REPLACED] shadow-2 -> check https://warp-ds.github.io/css-docs/box-shadow for supported shadow classes",
  "[REPLACED] shadow-3 -> check https://warp-ds.github.io/css-docs/box-shadow for supported shadow classes",
  "[REPLACED] shadow-4 -> check https://warp-ds.github.io/css-docs/box-shadow for supported shadow classes",
  "[REPLACED] shadow-10 -> check https://warp-ds.github.io/css-docs/box-shadow for supported shadow classes",
  "[REPLACED] shadow-20 -> check https://warp-ds.github.io/css-docs/box-shadow for supported shadow classes",
  "[REPLACED] shadow-30 -> check https://warp-ds.github.io/css-docs/box-shadow for supported shadow classes",
  "[REPLACED] shadow-40 -> check https://warp-ds.github.io/css-docs/box-shadow for supported shadow classes",
  "[REMOVED] shadow-none",
  "[REPLACED] drop-shadow-2 -> more info on replacements coming soon",
  "[REPLACED] drop-shadow-3 -> more info on replacements coming soon",
  "[REPLACED] drop-shadow-4 -> more info on replacements coming soon",
  "[REPLACED] drop-shadow-10 -> more info on replacements coming soon",
  "[REPLACED] drop-shadow-20 -> more info on replacements coming soon",
  "[REPLACED] drop-shadow-30 -> more info on replacements coming soon",
  "[REPLACED] drop-shadow-40 -> more info on replacements coming soon",
  "[REPLACED] drop-shadow-none -> more info on replacements coming soon",
]
`;

exports[`shadow > Emits a warning if used with pseudo 2`] = `
[
  "[REPLACED] drop-shadow -> more info on replacements coming soon",
  "[REPLACED] shadow-20 -> check https://warp-ds.github.io/css-docs/box-shadow for supported shadow classes",
  "[REMOVED] shadow-none",
  "[REPLACED] shadow-40 -> check https://warp-ds.github.io/css-docs/box-shadow for supported shadow classes",
]
`;
