// Vitest Snapshot v1, https://vitest.dev/guide/snapshot.html

exports[`text > Emits a warning if used with 'primary', 'secondary' or 'danger' 2`] = `
[
  "[REPLACED] text-primary -> more info on replacements coming soon",
  "[REPLACED] text-secondary -> more info on replacements coming soon",
  "[REPLACED] text-danger -> more info on replacements coming soon",
]
`;

exports[`text > Emits a warning if used with numbers 2`] = `
[
  "[REPLACED] text-1 -> check https://warp-ds.github.io/css-docs/font-size for supported classes",
  "[REPLACED] text-12 -> check https://warp-ds.github.io/css-docs/font-size for supported classes",
  "[REPLACED] text-14 -> check https://warp-ds.github.io/css-docs/font-size for supported classes",
  "[REPLACED] text-16 -> check https://warp-ds.github.io/css-docs/font-size for supported classes",
  "[REPLACED] text-20 -> check https://warp-ds.github.io/css-docs/font-size for supported classes",
  "[REPLACED] text-24 -> check https://warp-ds.github.io/css-docs/font-size for supported classes",
  "[REPLACED] text-36 -> check https://warp-ds.github.io/css-docs/font-size for supported classes",
]
`;

exports[`text > Emits a warning if used with numbers 4`] = `
[
  "[REPLACED] text-primary -> more info on replacements coming soon",
  "[REPLACED] text-secondary -> more info on replacements coming soon",
  "[REPLACED] text-danger -> more info on replacements coming soon",
]
`;
