// Vitest Snapshot v1, https://vitest.dev/guide/snapshot.html

exports[`deprecated warp classes > Emits a warning if 's-text-link-hover' or 's-text-link-hover-active' are found 2`] = `
[
  "[91m[REMOVED][0m s-text-link-hover -> use 's-text-link'",
  "[91m[REMOVED][0m s-text-link-hover-active -> use 's-text-link'",
]
`;

exports[`deprecated warp classes > Emits a warning if color classes without s- suffix are found 2`] = `
[
  "[91m[REMOVED][0m color-focused",
  "[91m[REMOVED][0m color-background -> see https://warp-ds.github.io/tech-docs/css/background-color to find suitable semantic replacement",
  "[91m[REMOVED][0m color-background-subtle -> see https://warp-ds.github.io/tech-docs/css/background-color to find suitable semantic replacement",
  "[91m[REMOVED][0m color-background-interactive -> see https://warp-ds.github.io/tech-docs/css/background-color to find suitable semantic replacement",
  "[91m[REMOVED][0m color-background-interactive-hover -> see https://warp-ds.github.io/tech-docs/css/background-color to find suitable semantic replacement",
  "[91m[REMOVED][0m color-background-interactive-selected -> see https://warp-ds.github.io/tech-docs/css/background-color to find suitable semantic replacement",
  "[91m[REMOVED][0m color-text -> see https://warp-ds.github.io/tech-docs/css/text-color to find suitable semantic replacement",
  "[91m[REMOVED][0m color-text-subtle -> see https://warp-ds.github.io/tech-docs/css/text-color to find suitable semantic replacement",
  "[91m[REMOVED][0m color-text-placeholder -> see https://warp-ds.github.io/tech-docs/css/text-color to find suitable semantic replacement",
  "[91m[REMOVED][0m color-text-inverted -> see https://warp-ds.github.io/tech-docs/css/text-color to find suitable semantic replacement",
  "[91m[REMOVED][0m color-text-inverted-subtle -> see https://warp-ds.github.io/tech-docs/css/text-color to find suitable semantic replacement",
  "[91m[REMOVED][0m color-text-link -> see https://warp-ds.github.io/tech-docs/css/text-color to find suitable semantic replacement",
  "[91m[REMOVED][0m color-text-link-hover -> see https://warp-ds.github.io/tech-docs/css/text-color to find suitable semantic replacement",
  "[91m[REMOVED][0m color-text-link-visited -> see https://warp-ds.github.io/tech-docs/css/text-color to find suitable semantic replacement",
]
`;

exports[`deprecated warp classes > Emits a warning if semantic color classes used with -active-hover suffix are found 2`] = `
[
  "[91m[REMOVED][0m s-bg-active-hover -> use 's-bg-selected-hover' (if available)'",
  "[91m[REMOVED][0m s-bg-subtle-active-hover -> use 's-bg-subtle-selected-hover' (if available)'",
  "[91m[REMOVED][0m s-bg-primary-active-hover -> use 's-bg-primary-selected-hover' (if available)'",
  "[91m[REMOVED][0m s-bg-negative-active-hover -> use 's-bg-negative-selected-hover' (if available)'",
  "[91m[REMOVED][0m s-bg-positive-active-hover -> use 's-bg-positive-selected-hover' (if available)'",
  "[91m[REMOVED][0m s-bg-warning-active-hover -> use 's-bg-warning-selected-hover' (if available)'",
  "[91m[REMOVED][0m s-bg-info-active-hover -> use 's-bg-info-selected-hover' (if available)'",
  "[91m[REMOVED][0m s-bg-info-subtle-active-hover -> use 's-bg-info-subtle-selected-hover' (if available)'",
  "[91m[REMOVED][0m s-border-active-hover -> use 's-border-selected-hover' (if available)'",
  "[91m[REMOVED][0m s-border-subtle-active-hover -> use 's-border-subtle-selected-hover' (if available)'",
  "[91m[REMOVED][0m s-border-primary-active-hover -> use 's-border-primary-selected-hover' (if available)'",
  "[91m[REMOVED][0m s-border-negative-active-hover -> use 's-border-negative-selected-hover' (if available)'",
  "[91m[REMOVED][0m s-border-positive-active-hover -> use 's-border-positive-selected-hover' (if available)'",
  "[91m[REMOVED][0m s-border-warning-active-hover -> use 's-border-warning-selected-hover' (if available)'",
  "[91m[REMOVED][0m s-border-info-active-hover -> use 's-border-info-selected-hover' (if available)'",
  "[91m[REMOVED][0m s-border-info-subtle-active-hover -> use 's-border-info-subtle-selected-hover' (if available)'",
  "[91m[REMOVED][0m s-icon-active-hover -> use 's-icon-selected-hover' (if available)'",
  "[91m[REMOVED][0m s-icon-subtle-active-hover -> use 's-icon-subtle-selected-hover' (if available)'",
]
`;

exports[`deprecated warp classes > Emits a warning if semantic color classes used with -default suffix are found 2`] = `
[
  "[91m[REPLACED][0m s-bg-default -> use 's-bg'",
  "[91m[REPLACED][0m s-bg-subtle-default -> use 's-bg-subtle'",
  "[91m[REPLACED][0m s-bg-primary-default -> use 's-bg-primary'",
  "[91m[REPLACED][0m s-bg-positive-default -> use 's-bg-positive'",
  "[91m[REPLACED][0m s-bg-negative-default -> use 's-bg-negative'",
  "[91m[REPLACED][0m s-bg-warning-default -> use 's-bg-warning'",
  "[91m[REPLACED][0m s-bg-info-default -> use 's-bg-info'",
  "[91m[REPLACED][0m s-border-default -> use 's-border'",
  "[91m[REPLACED][0m s-border-primary-default -> use 's-border-primary'",
  "[91m[REPLACED][0m s-border-primary-subtle-default -> use 's-border-primary-subtle'",
  "[91m[REPLACED][0m s-border-positive-default -> use 's-border-positive'",
  "[91m[REPLACED][0m s-border-positive-subtle-default -> use 's-border-positive-subtle'",
  "[91m[REPLACED][0m s-border-negative-default -> use 's-border-negative'",
  "[91m[REPLACED][0m s-border-negative-subtle-default -> use 's-border-negative-subtle'",
  "[91m[REPLACED][0m s-border-warning-default -> use 's-border-warning'",
  "[91m[REPLACED][0m s-border-warning-subtle-default -> use 's-border-warning-subtle'",
  "[91m[REPLACED][0m s-border-info-default -> use 's-border-info'",
  "[91m[REPLACED][0m s-border-info-subtle-default -> use 's-border-info-subtle'",
  "[91m[REPLACED][0m s-icon-default -> use 's-icon'",
  "[91m[REPLACED][0m s-icon-subtle-default -> use 's-icon-subtle'",
  "[91m[REPLACED][0m s-text-default -> use 's-text'",
]
`;
